// Jest Snapshot v1, https://goo.gl/fbAQLP

exports[`Header should render snapshot component Header 1`] = `
<div>
  <header
    class="src-components-Header-header-RUooHIpSho"
  >
    <img
      alt="Logotipo header"
      src="logo.svg"
    />
    <strong>
      Text header
    </strong>
  </header>
</div>
`;
